System/prediction.csv
AveragePrice,Total Volume,type,region,month
1.3403942828872928,109265.08450319157,conventional,Albany,1
1.2299409081336496,109265.39155077779,conventional,Albany,2
1.2098550901978176,109259.29396287249,conventional,Albany,3
1.2802047504375995,109244.43826131825,conventional,Albany,4
1.330315696854419,109251.86402754618,conventional,Albany,5
1.4699433684962526,109239.45235308324,conventional,Albany,6
1.3597045996942663,109249.23746162944,conventional,Albany,7
1.397606093358831,109236.98018773813,conventional,Albany,8
1.4298183877902366,109223.69933997991,conventional,Albany,9
1.4100595862774334,109225.3547737473,conventional,Albany,10
1.3858091641555468,109223.97610958476,conventional,Albany,11
1.3899439063179941,109226.97927342924,conventional,Albany,12
1.7697096099363268,107490.2412787983,organic,Albany,1
1.6907687300456193,107513.89955602564,organic,Albany,2
1.7798618281236378,107503.15618128453,organic,Albany,3
1.8196683547756414,107529.98810767013,organic,Albany,4
1.7999143959466928,107523.34666450741,organic,Albany,5
1.9204225721950707,107529.76057019155,organic,Albany,6
1.7703079001048079,107521.47329444619,organic,Albany,7
1.8801066010769358,107516.87351175255,organic,Albany,8
1.7904147871118792,107515.52473940086,organic,Albany,9
1.7604216531128896,107502.61946568858,organic,Albany,10
1.8398306110090459,107509.27273253114,organic,Albany,11
1.75962204674936,107509.25879671294,organic,Albany,12
1.010233490753441,109329.12845847219,conventional,Atlanta,1
0.9396753880932533,109330.18978097408,conventional,Atlanta,2
1.079802056157308,109322.70809681984,conventional,Atlanta,3
1.0697428961670017,109309.11311699229,conventional,Atlanta,4
1.0003321315479723,109314.1451305298,conventional,Atlanta,5
1.0002173136715031,109301.3536209586,conventional,Atlanta,6
1.0895865531947355,109311.64409725564,conventional,Atlanta,7
1.1401515650900143,109299.38682336433,conventional,Atlanta,8
1.1602742464031208,109288.1220513086,conventional,Atlanta,9
1.1902983009368517,109290.78498339717,conventional,Atlanta,10
1.1002665034023722,109287.13917824696,conventional,Atlanta,11
1.0098431787402569,109290.64447266178,conventional,Atlanta,12
1.7099448293716297,107522.50389430168,organic,Atlanta,1
1.3901452094777786,107547.29628155293,organic,Atlanta,2
1.3802786209757296,107534.9155871574,organic,Atlanta,3
1.5303494773024504,107562.37517675593,organic,Atlanta,4
1.4898253171927605,107553.97303941651,organic,Atlanta,5
1.3899668063657815,107560.7667802089,organic,Atlanta,6
1.5204092816436947,107552.35181370063,organic,Atlanta,7
1.7256420331821358,107547.752031007,organic,Atlanta,8
2.009855645989054,107547.78627584408,organic,Atlanta,9
1.889901141440587,107535.7618887502,organic,Atlanta,10
1.6899429877544445,107540.52784971334,organic,Atlanta,11
1.549897472404947,107541.52249127647,organic,Atlanta,12
1.2102712530504913,109325.00192002706,conventional,BaltimoreWashington,1
1.2101790722124715,109325.6866446012,conventional,BaltimoreWashington,2
1.260118667630959,109318.58263743488,conventional,BaltimoreWashington,3
1.38019722679129,109305.23764383233,conventional,BaltimoreWashington,4
1.270144831268453,109309.63983603659,conventional,BaltimoreWashington,5
1.4300190937616493,109297.3515360959,conventional,BaltimoreWashington,6
1.4703327533971535,109307.76970315585,conventional,BaltimoreWashington,7
1.379919667133318,109295.2602849192,conventional,BaltimoreWashington,8
1.3997869078235754,109283.36461247006,conventional,BaltimoreWashington,9
1.5598296841134918,109286.53291230946,conventional,BaltimoreWashington,10
1.3897291759508417,109283.5169284925,conventional,BaltimoreWashington,11
1.2497816970052869,109286.01472458616,conventional,BaltimoreWashington,12
1.5100323715241657,107520.2614245555,organic,BaltimoreWashington,1
1.6196893133609112,107544.29737877075,organic,BaltimoreWashington,2
1.5397901616468275,107532.29436136314,organic,BaltimoreWashington,3
1.7401111419595137,107560.6369957004,organic,BaltimoreWashington,4
1.7896251040884583,107551.73164873049,organic,BaltimoreWashington,5
1.810289336235894,107559.15521085613,organic,BaltimoreWashington,6
1.8600613302884574,107550.23487659702,organic,BaltimoreWashington,7
1.76030283196281,107545.50956126081,organic,BaltimoreWashington,8
1.680388403213224,107545.41935251547,organic,BaltimoreWashington,9
1.7102122049286574,107533.26727465868,organic,BaltimoreWashington,10
1.740185423443105,107538.53644525234,organic,BaltimoreWashington,11
1.6302721781960476,107538.65020019704,organic,BaltimoreWashington,12
1.0298208213169289,109254.94304136174,conventional,Boise,1
1.0002513411949225,109258.27258391146,conventional,Boise,2
1.0499985418779998,109249.90893407864,conventional,Boise,3
1.0497747250950766,109236.43948689367,conventional,Boise,4
0.9597101766594109,109241.47257949134,conventional,Boise,5
1.0204936205352018,109229.43642389598,conventional,Boise,6
1.069812142144039,109239.22369056252,conventional,Boise,7
1.2000613734680674,109227.09087025363,conventional,Boise,8
1.0903031477171585,109215.82609819791,conventional,Boise,9
1.209726957670308,109217.73367631064,conventional,Boise,10
1.1901357051652421,109214.34001550576,conventional,Boise,11
1.0301087719666215,109218.09853332608,conventional,Boise,12
1.380210857735357,107485.75633930594,organic,Boise,1
1.5498345941419005,107512.05727638854,organic,Boise,2
1.526463449313847,107499.04783971992,organic,Boise,3
1.330319102964002,107526.75957366377,organic,Boise,4
1.3701091625394037,107517.97868027628,organic,Boise,5
1.4900224569236484,107525.5277750445,organic,Boise,6
1.8203713788501656,107516.48298720298,organic,Boise,7
2.109783174033586,107512.51410490276,organic,Boise,8
1.944344878963821,107512.54834973984,organic,Boise,9
1.9374009574196585,107499.76860867013,organic,Boise,10
1.6797597073528818,107504.66010227586,organic,Boise,11
1.4198177427079275,107505.40152043349,organic,Boise,12
1.179811618495389,109327.88599800077,conventional,Boston,1
1.1795560624186059,109327.81321047874,conventional,Boston,2
1.2096830264460012,109320.83473595501,conventional,Boston,3
1.2101725230138558,109306.48332309145,conventional,Boston,4
1.240209962263178,109311.76856003446,conventional,Boston,5
1.352907628542742,109299.73132537893,conventional,Boston,6
1.4196679042385039,109309.3930594029,conventional,Boston,7
1.270140174394665,109297.63899514209,conventional,Boston,8
1.3496811970669513,109285.99654609844,conventional,Boston,9
1.4253556985228268,109288.53394554442,conventional,Boston,10
1.289816302006461,109285.51796172746,conventional,Boston,11
1.1900527617408705,109288.39235574887,conventional,Boston,12
1.830357009522595,107521.13158494703,organic,Boston,1
1.7401376759056775,107545.1696972826,organic,Boston,2
1.8201933210821115,107533.41882422032,organic,Boston,3
1.839721290977185,107560.5018158911,organic,Boston,4
1.8398384669576915,107551.84645514618,organic,Boston,5
1.9604052958028708,107559.77430596249,organic,Boston,6
1.71028283304432,107550.47737377563,organic,Boston,7
1.8497191010230296,107546.50741241525,organic,Boston,8
1.840303614038302,107546.1639802644,organic,Boston,9
1.509890074766223,107533.8874488252,organic,Boston,10
1.7104132521729951,107539.15661941885,organic,Boston,11
1.7197787929455346,107540.02680739955,organic,Boston,12
1.380366038718768,109308.8723825671,conventional,BuffaloRochester,1
1.370323293419285,109309.43265355882,conventional,BuffaloRochester,2
1.2902853643862804,109302.58079073785,conventional,BuffaloRochester,3
1.4402010786712074,109289.23687619546,conventional,BuffaloRochester,4
1.3923928778823806,109293.2613914118,conventional,BuffaloRochester,5
1.4002723753214565,109280.97201241094,conventional,BuffaloRochester,6
1.3700748239829912,109290.50713473215,conventional,BuffaloRochester,7
1.3998357049629622,109277.61788138725,conventional,BuffaloRochester,8
1.4596690664452097,109265.34561101036,conventional,BuffaloRochester,9
1.429918031607605,109267.25318912309,conventional,BuffaloRochester,10
1.3997701424658766,109264.10951454322,conventional,BuffaloRochester,11
1.3295186613007994,109266.60838969704,conventional,BuffaloRochester,12
1.5398837823471623,107513.55223059023,organic,BuffaloRochester,1
1.5776444944867862,107536.95728441207,organic,BuffaloRochester,2
1.6696952628154744,107525.07979964704,organic,BuffaloRochester,3
1.7959941276477336,107553.04367793622,organic,BuffaloRochester,4
1.7398486178462038,107543.7606539784,organic,BuffaloRochester,5
1.819817264809521,107551.56297215211,organic,BuffaloRochester,6
1.7197893193053835,107542.39265166801,organic,BuffaloRochester,7
1.5602882001962963,107538.04717144003,organic,BuffaloRochester,8
1.51013378876673,107537.20052965869,organic,BuffaloRochester,9
1.4904299134905685,107524.42078858898,organic,BuffaloRochester,10
1.5801556330517126,107530.19532693346,organic,BuffaloRochester,11
1.4101977453043968,107529.93032583008,organic,BuffaloRochester,12
0.969660923620526,109364.01336043721,conventional,California,1
0.8895466937631535,109363.31290970226,conventional,California,2
1.049965190902685,109356.8387238692,conventional,California,3
1.0397160331709587,109342.11179213805,conventional,California,4
1.0001367980266096,109347.0171939728,conventional,California,5
1.0747783434984488,109334.22676346177,conventional,California,6
1.219700309183175,109344.77046316431,conventional,California,7
1.1801765695141464,109331.50677001198,conventional,California,8
1.230333481592841,109320.4941423016,conventional,California,9
1.2997268410441782,109322.27726683191,conventional,California,10
1.2000124893298225,109319.26128301494,conventional,California,11
0.9996602518785052,109321.88353269102,conventional,California,12
1.4303364335886217,107594.07777876654,organic,California,1
1.460151957672169,107616.85516937547,organic,California,2
1.509658496437459,107605.35536159835,organic,California,3
1.5101150394399632,107631.30316418504,organic,California,4
1.579940103399437,107623.02763854837,organic,California,5
1.65013190608517,107629.44262329268,organic,California,6
1.720318370191957,107620.77443337892,organic,California,7
1.9297815772320748,107614.91500801877,organic,California,8
1.9498405441456272,107615.07478549844,organic,California,9
2.0261545538401227,107601.66414403533,organic,California,10
1.8797260276144003,107606.93331462897,organic,California,11
1.6100277199361468,107607.67796996709,organic,California,12
1.179864905666558,109328.26152606476,conventional,Charlotte,1
1.1502013168166878,109328.18873854273,conventional,Charlotte,2
1.241945837678029,109321.58794100692,conventional,Charlotte,3
1.2797622987548287,109307.48975154886,conventional,Charlotte,4
1.2896462826162358,109311.89086469295,conventional,Charlotte,5
1.2799421771972535,109299.6014856921,conventional,Charlotte,6
1.299935238087914,109310.27179709738,conventional,Charlotte,7
1.3403503230706826,109298.01452320606,conventional,Charlotte,8
1.3681128994806393,109286.62313944759,conventional,Charlotte,9
1.4203246039395672,109289.28715059633,conventional,Charlotte,10
1.3580539511070189,109285.89241073128,conventional,Charlotte,11
1.1501883416231733,109289.39878420626,conventional,Charlotte,12
1.6804200797212605,107520.75283809533,organic,Charlotte,1
1.8098749639553389,107544.79095043092,organic,Charlotte,2
1.7999188640443926,107533.41775435656,organic,Charlotte,3
1.9803400218339804,107560.24752262182,organic,Charlotte,4
1.9502287016766666,107551.7209317,organic,Charlotte,5
1.9301977253614009,107559.5232498737,organic,Charlotte,6
1.9204887700921098,107550.7284482572,organic,Charlotte,7
2.009728518190376,107546.12866556356,organic,Charlotte,8
2.070353269627695,107546.28952210338,organic,Charlotte,9
1.9198600416110145,107533.88637896144,organic,Charlotte,10
2.0199412998109856,107539.15662861525,organic,Charlotte,11
1.7998412904197842,107539.7725141303,organic,Charlotte,12
1.2100500895017212,109326.8784996796,conventional,Chicago,1
1.1496136843835394,109327.68983595648,conventional,Chicago,2
1.2795576888032845,109320.08046103934,conventional,Chicago,3
1.3399711185096945,109307.23975612746,conventional,Chicago,4
1.2100169555187383,109311.76963909462,conventional,Chicago,5
1.3402169538262476,109298.4727617726,conventional,Chicago,6
1.4296238669359365,109308.88984977239,conventional,Chicago,7
1.5678820429572893,109296.88364116625,conventional,Chicago,8
1.569578505832734,109285.36780382536,conventional,Chicago,9
1.7399690823139964,109288.66163630734,conventional,Chicago,10
1.2100818138998815,109285.01475209696,conventional,Chicago,11
1.1696572901681355,109288.14236952386,conventional,Chicago,12
1.6899941359270576,107521.38372929236,organic,Chicago,1
1.6301575798707402,107545.29307180487,organic,Chicago,2
1.6001712750241222,107533.41774516017,organic,Chicago,3
1.7495970397177945,107562.0114447826,organic,Chicago,4
1.7096531343989683,107552.60073006187,organic,Chicago,5
1.7798756930976762,107559.52216161715,organic,Chicago,6
1.7902394833464919,107550.98058340614,organic,Chicago,7
1.810071573402372,107546.88508940316,organic,Chicago,8
1.960284689796869,107546.41504554958,organic,Chicago,9
1.9497830583416849,107534.51511203813,organic,Chicago,10
1.8296744064486228,107539.65982904936,organic,Chicago,11
1.641723653522052,107540.27679362457,organic,Chicago,12
0.8401621202156453,109328.00509306794,conventional,CincinnatiDayton,1
0.829577383419114,109328.4387523569,conventional,CincinnatiDayton,2
0.9695525502182637,109321.58581047576,conventional,CincinnatiDayton,3
1.0297529023385574,109306.85564156412,conventional,CincinnatiDayton,4
0.959658739431936,109312.39194379229,conventional,CincinnatiDayton,5
0.950267476235124,109299.59935516094,conventional,CincinnatiDayton,6
1.1295577173143503,109309.51215447007,conventional,CincinnatiDayton,7
1.1285759150164432,109298.01131361474,conventional,CincinnatiDayton,8
1.1495771003192823,109286.87207420162,conventional,CincinnatiDayton,9
1.1299089214441245,109289.4094736476,conventional,CincinnatiDayton,10
0.9801603925466733,109285.38599150947,conventional,CincinnatiDayton,11
0.9501019683359928,109288.7657532817,conventional,CincinnatiDayton,12
1.3995994658285433,107522.5103226807,organic,CincinnatiDayton,1
1.2299362788281114,107546.0419882053,organic,CincinnatiDayton,2
1.2699330507143334,107534.54325948835,organic,CincinnatiDayton,3
1.3200791510502168,107561.62733021927,organic,CincinnatiDayton,4
1.405377369783994,107553.47625816503,organic,CincinnatiDayton,5
1.3896468287808312,107560.6487550055,organic,CincinnatiDayton,6
1.5500232478816252,107551.8561115093,organic,CincinnatiDayton,7
1.6596345124764629,107547.63292674342,organic,CincinnatiDayton,8
1.5600398405402156,107547.91931592584,organic,CincinnatiDayton,9
1.5996093212811129,107535.64278448664,organic,CincinnatiDayton,10
1.4195440238988875,107540.03106846186,organic,CincinnatiDayton,11
1.5296124548836072,107540.77356567966,organic,CincinnatiDayton,12
0.9597705083527424,109326.75725568848,conventional,Columbus,1
0.9296020158557994,109326.93769157196,conventional,Columbus,2
1.0499596169172887,109319.20278401223,conventional,Columbus,3
1.059856128001437,109306.9919004336,conventional,Columbus,4
0.9996959327562929,109311.14302735268,conventional,Columbus,5
0.9998995881033905,109298.60366212683,conventional,Columbus,6
1.0802040513942102,109309.02075012661,conventional,Columbus,7
1.1303129285421267,109297.2666858658,conventional,Columbus,8
1.1599783053474801,109285.24548077407,conventional,Columbus,9
1.205492540338496,109287.90949192281,conventional,Columbus,10
1.0697337792091592,109284.7668964031,conventional,Columbus,11
0.9699766876270146,109288.02112553276,conventional,Columbus,12
1.4701160040161891,107520.38159868283,organic,Columbus,1
1.3697373104219848,107544.16648761292,organic,Columbus,2
1.3998071586931922,107532.03901662288,organic,Columbus,3
1.4361678476786286,107561.13592587582,organic,Columbus,4
1.3902847270621626,107551.72629021524,organic,Columbus,5
1.2718990815098212,107558.6455636502,organic,Columbus,6
1.3599163423800364,107550.10398543919,organic,Columbus,7
1.6999178393523646,107546.13402407881,organic,Columbus,8
1.7397375217132076,107545.79167098812,organic,Columbus,9
1.580287142332405,107533.38852784618,organic,Columbus,10
1.440340388337225,107538.78431014258,organic,Columbus,11
1.4897477913005719,107539.27466301504,organic,Columbus,12
0.7999086398836741,109326.75726488489,conventional,DallasFtWorth,1
0.7502391667528364,109326.30895849527,conventional,DallasFtWorth,2
0.8300655130603698,109319.32940491138,conventional,DallasFtWorth,3
0.7996505993508911,109305.60889244123,conventional,DallasFtWorth,4
0.809720699712823,109310.38768257324,conventional,DallasFtWorth,5
0.8211313962879698,109297.84831734738,conventional,DallasFtWorth,6
0.8997746797564679,109308.13879364442,conventional,DallasFtWorth,7
0.9003280953875922,109295.25169841986,conventional,DallasFtWorth,8
0.940233326717183,109284.86889204272,conventional,DallasFtWorth,9
1.0298434027296064,109288.03719188212,conventional,DallasFtWorth,10
0.880288731510309,109283.88709804123,conventional,DallasFtWorth,11
0.8353333792577557,109287.26362263299,conventional,DallasFtWorth,12
1.2553051165300646,107522.26675563832,organic,DallasFtWorth,1
1.2695625768738308,107545.16967888983,organic,DallasFtWorth,2
1.2601069899849402,107533.79756187563,organic,DallasFtWorth,3
1.260009209660088,107561.00500712881,organic,DallasFtWorth,4
1.2600374042144993,107552.8560931949,organic,DallasFtWorth,5
1.2495796972736783,107559.77536662987,organic,DallasFtWorth,6
1.1905848010613196,107551.3604001216,organic,DallasFtWorth,7
1.4096897103742017,107546.25740779746,organic,DallasFtWorth,8
1.501070906352876,107546.92039490762,organic,DallasFtWorth,9
1.4792839122743633,107534.76831705084,organic,DallasFtWorth,10
1.4595401884756611,107539.28321272881,organic,DallasFtWorth,11
1.3399844105133896,107541.16197809085,organic,DallasFtWorth,12
