System/prediction.csv
AveragePrice,Total Volume,type,region,month
0.9298488097030617,109331.87843569674,conventional,Denver,1
0.9001493617754932,109332.05887158022,conventional,Denver,2
1.0803021554196244,109325.45699498424,conventional,Denver,3
1.0899749652134814,109310.97897041793,conventional,Denver,4
1.0899346459342258,109315.75776054994,conventional,Denver,5
1.0799664686923902,109303.22055344441,conventional,Denver,6
1.140319708260813,109313.76317408678,conventional,Denver,7
1.1886534060511988,109301.7580445408,conventional,Denver,8
1.1101464390064735,109290.24112813975,conventional,Denver,9
1.2302934956326277,109293.03067193106,conventional,Denver,10
1.1673617941315104,109289.38486678085,conventional,Denver,11
1.0095846461109188,109292.76354949293,conventional,Denver,12
1.0803570756960579,107526.12936284384,organic,Denver,1
1.289774325848719,107549.91425177392,organic,Denver,2
1.1697051836939591,107538.91981174765,organic,Denver,3
1.0496883565831818,107566.12941512116,organic,Denver,4
1.1626053952967992,107557.98050118725,organic,Denver,5
1.41992326300153,107564.14226252606,organic,Denver,6
1.5500443081855126,107555.85282866037,organic,Denver,7
1.5497085937113906,107551.37857860932,organic,Denver,8
1.5081801254025986,107551.28729080381,organic,Denver,9
1.6503897299811863,107539.1362920072,organic,Denver,10
1.4903616233121828,107543.90225297034,organic,Denver,11
1.3602509172873205,107545.02350623622,organic,Denver,12
1.0202414923541634,109328.3849097834,conventional,Detroit,1
1.0203116794083482,109328.5642666067,conventional,Detroit,2
1.069752355740706,109321.46133850057,conventional,Detroit,3
1.1199207793995822,109307.61421432767,conventional,Detroit,4
1.0499135950311331,109312.26747181709,conventional,Detroit,5
1.0297738934361484,109299.9791718764,conventional,Detroit,6
1.1197273036144961,109310.52287157894,conventional,Detroit,7
1.139729516481132,109297.63469729421,conventional,Detroit,8
1.190210635850907,109286.87313486899,conventional,Detroit,9
1.2998576272995024,109289.9159020658,conventional,Detroit,10
1.12289154733784,109285.63919652217,conventional,Detroit,11
1.0301013792878595,109289.27002357958,conventional,Detroit,12
1.5787144596374987,107521.38158956481,organic,Detroit,1
1.4036487843037746,107545.54523454298,organic,Detroit,2
1.3301401650675138,107533.16346108729,organic,Detroit,3
1.447153822143292,107560.49751804322,organic,Detroit,4
1.4501571406748057,107552.09645976398,organic,Detroit,5
1.3501951735589088,107559.5200218896,organic,Detroit,6
1.3803650737475477,107550.85183197584,organic,Detroit,7
1.5400998723813566,107546.12759569979,organic,Detroit,8
1.6096497547358632,107546.79166187011,organic,Detroit,9
1.6698997468047865,107534.387439668,organic,Detroit,10
1.4798402703562388,107539.02894704873,organic,Detroit,11
1.4596959154074576,107540.27573295719,organic,Detroit,12
1.1502053216190797,109322.88394064887,conventional,GrandRapids,1
1.1698093972293455,109323.06437653233,conventional,GrandRapids,2
1.2731589051546028,109316.2114346512,conventional,GrandRapids,3
1.2003601249173563,109302.11216613297,conventional,GrandRapids,4
1.3598690987319317,109306.38882569464,conventional,GrandRapids,5
1.2003913967101456,109294.09944669378,conventional,GrandRapids,6
1.500348453026567,109304.51761375373,conventional,GrandRapids,7
1.4303386399717752,109293.26675912343,conventional,GrandRapids,8
1.47957223765031,109280.86895610395,conventional,GrandRapids,9
1.606198330628788,109281.13705644193,conventional,GrandRapids,10
1.339789280770602,109279.25518264889,conventional,GrandRapids,11
1.1901404713332042,109282.76155612388,conventional,GrandRapids,12
1.5204608604373269,107519.0189364949,organic,GrandRapids,1
1.5447669660296441,107542.80382542498,organic,GrandRapids,2
1.5494095341479552,107531.30509670805,organic,GrandRapids,3
1.7599060151553156,107558.5136210214,organic,GrandRapids,4
1.7503012157554507,107549.35612970614,organic,GrandRapids,5
1.7998112298340119,107557.15844787986,organic,GrandRapids,6
1.8300381759003417,107548.23811362076,organic,GrandRapids,7
1.6599396831155864,107544.89797359363,organic,GrandRapids,8
1.7201583829198437,107543.79918746695,organic,GrandRapids,9
1.6704108136116242,107530.3928622445,organic,GrandRapids,10
1.560257436695614,107536.41630775381,organic,GrandRapids,11
1.5397566541927332,107537.03219326885,organic,GrandRapids,12
1.0502217217860492,109353.91260860904,conventional,GreatLakes,1
1.0314999557845348,109354.59625412301,conventional,GreatLakes,2
1.1402333843436896,109348.62419886029,conventional,GreatLakes,3
1.1598380513211446,109334.14725335414,conventional,GreatLakes,4
1.0902025882798794,109339.30372047407,conventional,GreatLakes,5
1.1700419623316305,109325.63132428446,conventional,GreatLakes,6
1.2316103943636387,109337.181443248,conventional,GreatLakes,7
1.2402350914028326,109324.16881538085,conventional,GreatLakes,8
1.3796416855941536,109312.65297803996,conventional,GreatLakes,9
1.4498118483741043,109315.94465240161,conventional,GreatLakes,10
1.169753559512459,109311.92224932364,conventional,GreatLakes,11
1.0881316137746468,109315.80522072638,conventional,GreatLakes,12
1.4498685616058822,107571.90431204696,organic,GreatLakes,1
1.3902738649281134,107596.3190223103,organic,GreatLakes,2
1.429764561296871,107585.82779191452,organic,GreatLakes,3
1.4601851477751446,107612.65863923995,organic,GreatLakes,4
1.4996581788445253,107604.88740229396,organic,GreatLakes,5
1.480365817897652,107610.67364476518,organic,GreatLakes,6
1.5503651614006604,107603.2650975179,organic,GreatLakes,7
1.6295438176653987,107597.90996084844,organic,GreatLakes,8
1.7400669142717708,107597.43991699484,organic,GreatLakes,9
1.6203914026543165,107586.29749557957,organic,GreatLakes,10
1.5399166285506245,107590.30702350671,organic,GreatLakes,11
1.419762667884905,107591.67934205775,organic,GreatLakes,12
1.1901387773292562,109328.62847682578,conventional,HarrisburgScranton,1
1.1597937238714047,109329.43765498234,conventional,HarrisburgScranton,2
1.1802515613887377,109322.20811517345,conventional,HarrisburgScranton,3
1.2803712163836432,109307.60563702471,conventional,HarrisburgScranton,4
1.2301128261912622,109313.39300453805,conventional,HarrisburgScranton,5
1.3402986751889454,109300.34827156136,conventional,HarrisburgScranton,6
1.2902614495966356,109310.76643862131,conventional,HarrisburgScranton,7
1.2200652481059335,109298.63469737259,conventional,HarrisburgScranton,8
1.2898032270260138,109287.11670191136,conventional,HarrisburgScranton,9
1.3698877266855374,109290.53606703594,conventional,HarrisburgScranton,10
1.269627533658847,109286.6381175404,conventional,HarrisburgScranton,11
1.2695769665382377,109289.26252533679,conventional,HarrisburgScranton,12
1.7003284598236639,107523.00709473579,organic,HarrisburgScranton,1
1.657844354226412,107547.67394934446,organic,HarrisburgScranton,2
1.6796491122978716,107535.41878759152,organic,HarrisburgScranton,3
1.8897094096054605,107561.99749057161,organic,HarrisburgScranton,4
1.8896412358761188,107554.35070720804,organic,HarrisburgScranton,5
1.9499597101768043,107561.39767140592,organic,HarrisburgScranton,6
1.819922524350338,107552.47733714682,organic,HarrisburgScranton,7
1.7298720851622604,107548.12969879851,organic,HarrisburgScranton,8
1.840260509083436,107548.41716704109,organic,HarrisburgScranton,9
1.6004346812903616,107536.76937787498,organic,HarrisburgScranton,10
1.720057354023324,107541.40980619553,organic,HarrisburgScranton,11
1.5601185412357086,107541.39694943749,organic,HarrisburgScranton,12
1.330332648292705,109326.00405063659,conventional,HartfordSpringfield,1
1.2703087059293452,109325.68127688956,conventional,HartfordSpringfield,2
1.3297156633794913,109319.33262369908,conventional,HartfordSpringfield,3
1.4301547856844505,109305.10782253827,conventional,HartfordSpringfield,4
1.340326706991395,109310.39090136095,conventional,HartfordSpringfield,5
1.4653906032639155,109298.10260142025,conventional,HartfordSpringfield,6
1.490366799898085,109308.26862413487,conventional,HartfordSpringfield,7
1.4476012633529836,109296.0102711834,conventional,HartfordSpringfield,8
1.3895566316377759,109284.11567779443,conventional,HartfordSpringfield,9
1.590328219869448,109287.53504291899,conventional,HartfordSpringfield,10
1.429787371312946,109284.5169009817,conventional,HartfordSpringfield,11
1.3395531107247511,109287.01685519569,conventional,HartfordSpringfield,12
2.1798443175572872,107521.13802252244,organic,HartfordSpringfield,1
2.139662570706017,107544.29309011927,organic,HartfordSpringfield,2
2.1701473615481257,107533.0454266875,organic,HartfordSpringfield,3
2.2801420367521072,107560.00180665552,organic,HartfordSpringfield,4
2.3398444237610256,107552.10395800677,organic,HartfordSpringfield,5
2.37021878985324,107559.5275201324,organic,HartfordSpringfield,6
2.289804587160391,107550.48165323072,organic,HartfordSpringfield,7
2.289782298598266,107546.26062658516,organic,HartfordSpringfield,8
2.2601725148921514,107545.79166179174,organic,HartfordSpringfield,9
2.1567403476101634,107534.14387262563,organic,HartfordSpringfield,10
2.231960794460508,107540.17055531543,organic,HartfordSpringfield,11
2.140691536742522,107539.52679816398,organic,HartfordSpringfield,12
0.7397773718762973,109328.50402324337,conventional,Houston,1
0.6603326045200596,109328.935524412,conventional,Houston,2
0.8101561153126402,109322.20811517345,conventional,Houston,3
0.7702303538069514,109307.73224872747,conventional,Houston,4
0.7505874815482098,109312.51103885946,conventional,Houston,5
0.7799721562742281,109300.0972062762,conventional,Houston,6
0.8903039082907831,109310.76535956115,conventional,Houston,7
0.9798547987774507,109298.88684171792,conventional,Houston,8
0.9998482935448938,109286.11028265036,conventional,Houston,9
1.0498137652185877,109290.0339364656,conventional,Houston,10
0.8503457036969266,109286.13490790989,conventional,Houston,11
0.8299987019336534,109289.39021609971,conventional,Houston,12
1.3002312769673388,107523.13154831821,organic,Houston,1
1.3097782092049988,107547.42072593897,organic,Houston,2
1.2096731821626867,107536.17414156736,organic,Houston,3
1.159619404771982,107562.6262328447,organic,Houston,4
1.1798815960047062,107554.4773189108,organic,Houston,5
1.1501857083778935,107561.64873669109,organic,Houston,6
1.3099741658747142,107553.61144717074,organic,Houston,7
1.3001705058273105,107549.01058541694,organic,Houston,8
1.4603245465832728,107547.91287835043,organic,Houston,9
1.5802853996974913,107536.51615446949,organic,Houston,10
1.4097726382145737,107541.53533883812,organic,Houston,11
1.37021020472157,107541.6469356625,organic,Houston,12
1.0204197513227853,109326.01156727217,conventional,Indianapolis,1
0.9301007679292981,109326.19200315564,conventional,Indianapolis,2
1.129688992994065,109318.20603031074,conventional,Indianapolis,3
1.1295287620520682,109304.86211576835,conventional,Indianapolis,4
1.0297741744315998,109309.39091967535,conventional,Indianapolis,5
1.0727982678020898,109297.60582936517,conventional,Indianapolis,6
1.1701719759285425,109307.39417509186,conventional,Indianapolis,7
1.2897396094012745,109295.26027572282,conventional,Indianapolis,8
1.3597857167339429,109283.99658272725,conventional,Indianapolis,9
1.2999324733101514,109285.5254047919,conventional,Indianapolis,10
1.1897896073056096,109281.87959964169,conventional,Indianapolis,11
1.1502274989039352,109286.01579444992,conventional,Indianapolis,12
1.4798172478676377,107520.76570404977,organic,Indianapolis,1
1.4396317560331637,107544.55059297985,organic,Indianapolis,2
1.3801297767410319,107531.91883329915,organic,Indianapolis,3
1.4502835758971888,107559.88271158835,organic,Indianapolis,4
1.4002906211099229,107550.85075291568,organic,Indianapolis,5
1.3700852136041777,107558.90413637456,organic,Indianapolis,6
1.3797296124011047,107549.48059248496,organic,Indianapolis,7
1.6573245888389085,107545.89046623283,organic,Indianapolis,8
1.7201546168143378,107545.54595502182,organic,Indianapolis,9
1.589885784467774,107532.76729301228,organic,Indianapolis,10
1.5601591534283532,107537.53325397542,organic,Indianapolis,11
1.479818216654913,107538.65234912097,organic,Indianapolis,12
1.0998718012464754,109320.37432087537,conventional,Jacksonville,1
1.0815891433403146,109320.30153335334,conventional,Jacksonville,2
1.1998112887080505,109314.08057092578,conventional,Jacksonville,3
1.1099865043144581,109300.6111237408,conventional,Jacksonville,4
1.1198170687628008,109305.64313727831,conventional,Jacksonville,5
1.189191665959229,109293.22930469504,conventional,Jacksonville,6
1.3101850021047932,109303.01657136157,conventional,Jacksonville,7
1.2402391301745659,109290.25392971943,conventional,Jacksonville,8
1.360168851449117,109278.48486897304,conventional,Jacksonville,9
1.320386753680558,109281.90531315777,conventional,Jacksonville,10
1.2602657724052968,109278.2584289474,conventional,Jacksonville,11
1.0895937253311736,109280.88175768363,conventional,Jacksonville,12
1.6703576484037077,107518.14555731567,organic,Jacksonville,1
1.7798610761211378,107542.18366965125,organic,Jacksonville,2
1.6998967195490635,107530.43063846865,organic,Jacksonville,3
1.790384108896144,107558.14237241249,organic,Jacksonville,4
1.8003014028647129,107549.74023507308,organic,Jacksonville,5
1.8498510772635206,107556.91165285339,organic,Jacksonville,6
1.9399736091399618,107547.86686501186,organic,Jacksonville,7
2.0901720854865946,107543.39477308113,organic,Jacksonville,8
2.169768573574515,107543.17795263305,organic,Jacksonville,9
2.0599853544236892,107531.15140741886,organic,Jacksonville,10
1.789865900892045,107536.29612443008,organic,Jacksonville,11
1.690262746113208,107536.66202372011,organic,Jacksonville,12
0.9101633061624737,109326.00619956054,conventional,LasVegas,1
0.8397478212921139,109326.31000996626,conventional,LasVegas,2
0.9200505552384134,109318.95493751478,conventional,LasVegas,3
0.9097032250759984,109305.73763467513,conventional,LasVegas,4
0.94969603587024,109310.64411557004,conventional,LasVegas,5
0.9498911783732691,109297.34723824802,conventional,LasVegas,6
1.1195450183072413,109308.39414758107,conventional,LasVegas,7
1.1247522420193525,109296.51562973784,conventional,LasVegas,8
1.1201030101719975,109284.99871333678,conventional,LasVegas,9
1.1801577077246699,109287.7882571281,conventional,LasVegas,10
1.0496167716914329,109284.39351726306,conventional,LasVegas,11
0.930084387643201,109286.63916901138,conventional,LasVegas,12
1.5699685526187075,107520.00606142245,organic,LasVegas,1
1.3901284523624298,107544.80060679404,organic,LasVegas,2
1.4496381044141262,107532.29330069576,organic,LasVegas,3
1.4203018177231523,107560.13056728219,organic,LasVegas,4
1.4503024139177279,107551.47628559745,organic,LasVegas,5
1.609914043363962,107558.39771715275,organic,LasVegas,6
1.8301841109389825,107550.35934857224,organic,LasVegas,7
1.9197822479347684,107545.75848681843,organic,LasVegas,8
2.2397782645611666,107545.66719901293,organic,LasVegas,9
2.1499043242025846,107533.51620021631,organic,LasVegas,10
1.860206179615421,107538.78644987012,organic,LasVegas,11
1.8399361680413293,107538.77467217224,organic,LasVegas,12
0.8398255510049488,109336.45998472431,conventional,LosAngeles,1
0.7498101315934992,109337.90006327427,conventional,LosAngeles,2
1.0002330083802433,109331.67262648573,conventional,LosAngeles,3
0.912189335575166,109318.20317930075,conventional,LosAngeles,4
0.8801221427765511,109322.35322715968,conventional,LosAngeles,5
0.8602336375672759,109308.68083097006,conventional,LosAngeles,6
1.0497491199565128,109320.23094993361,conventional,LosAngeles,7
1.0299852832637488,109307.22048018678,conventional,LosAngeles,8
1.079608926103138,109295.45249850056,conventional,LosAngeles,9
1.2601164442059745,109298.36865399462,conventional,LosAngeles,10
1.0397694962247264,109294.72392790458,conventional,LosAngeles,11
0.8801382881435311,109298.48028760456,conventional,LosAngeles,12
1.1804510142338789,107541.3876608521,organic,LosAngeles,1
1.25969026285264,107566.17896904319,organic,LosAngeles,2
1.2898710384267593,107556.69847414907,organic,LosAngeles,3
1.290314825671379,107584.41020809293,organic,LosAngeles,4
1.2997648712891758,107575.37932848043,organic,LosAngeles,5
1.3599076657184215,107581.16557095163,organic,LosAngeles,6
1.4604548456334456,107573.75702370437,organic,LosAngeles,7
1.5502284163258333,107567.64437493874,organic,LosAngeles,8
1.6104072450605067,107567.04879844257,organic,LosAngeles,9
1.8197735036180798,107554.7711879432,organic,LosAngeles,10
1.620406809310912,107559.15839285827,organic,LosAngeles,11
1.3647563592284437,107560.65732311206,organic,LosAngeles,12
0.9903050327285412,109266.09308976929,conventional,Louisville,1
0.9501126448779273,109267.28426115442,conventional,Louisville,2
1.079833280184988,109258.66522979579,conventional,Louisville,3
1.07028656933449,109243.43185125364,conventional,Louisville,4
0.9999075247486522,109250.1033425659,conventional,Louisville,5
1.0700920609035898,109237.81396356504,conventional,Louisville,6
1.1198110391045832,109246.59373191041,conventional,Louisville,7
1.1997681522353285,109234.71305594685,conventional,Louisville,8
1.2699769335724849,109223.57381653371,conventional,Louisville,9
1.20016438368557,109225.73353899179,conventional,Louisville,10
1.1399071991758234,109221.96220119898,conventional,Louisville,11
0.9698845728413885,109225.97178430448,conventional,Louisville,12
1.5799791814116688,107493.00624331206,organic,Louisville,1
1.5699650361288249,107516.53575071633,organic,Louisville,2
1.420346356264159,107504.53704954936,organic,Louisville,3
1.4898938792089804,107530.99129894705,organic,Louisville,4
1.3803480847760465,107523.21574576039,organic,Louisville,5
1.340050634136456,107531.01806393411,organic,Louisville,6
1.400443341309629,107521.09238947416,organic,Louisville,7
1.5401948693465277,107517.24903981652,organic,Louisville,8
1.7340060472607108,107517.53542899893,organic,Louisville,9
1.7198935474562864,107504.88122057181,organic,Louisville,10
1.5503999149662058,107509.39503718964,organic,Louisville,11
1.4796735813976183,107510.64074403793,organic,Louisville,12
