System/prediction.csv
AveragePrice,Total Volume,type,region,month
1.2003671166060608,109329.50506559633,conventional,MiamiFtLauderdale,1
1.0803750582979474,109329.1822918493,conventional,MiamiFtLauderdale,2
1.2602537782003413,109322.83363865882,conventional,MiamiFtLauderdale,3
1.2103379495687578,109308.73437014059,conventional,MiamiFtLauderdale,4
1.1700204565000942,109314.14298160585,conventional,MiamiFtLauderdale,5
1.3100781812651348,109301.60361638,conventional,MiamiFtLauderdale,6
1.3397108880763324,109312.02070437979,conventional,MiamiFtLauderdale,7
1.3198544345860803,109300.01341671348,conventional,MiamiFtLauderdale,8
1.2897130841681714,109288.24543502725,conventional,MiamiFtLauderdale,9
1.394915271841185,109291.16159052131,conventional,MiamiFtLauderdale,10
1.3297577204870215,109287.89346235902,conventional,MiamiFtLauderdale,11
1.129626510365672,109290.64232373785,conventional,MiamiFtLauderdale,12
1.4198986419826516,107522.87942236566,organic,MiamiFtLauderdale,1
1.5496430000577264,107546.0344899625,organic,MiamiFtLauderdale,2
1.629623460465282,107534.78682653072,organic,MiamiFtLauderdale,3
1.709848918740955,107561.99535084407,organic,MiamiFtLauderdale,4
1.5299966254489092,107554.34964654066,organic,MiamiFtLauderdale,5
1.7601287781190236,107561.26891997563,organic,MiamiFtLauderdale,6
1.4531464234572584,107552.7273417646,organic,MiamiFtLauderdale,7
1.4400421995199362,107549.01060380973,organic,MiamiFtLauderdale,8
1.5700832087836871,107548.41502731355,organic,MiamiFtLauderdale,9
1.68020538833316,107536.13741681419,organic,MiamiFtLauderdale,10
1.6376349201210338,107541.28105476525,organic,MiamiFtLauderdale,11
1.4799381467537251,107541.89909840062,organic,MiamiFtLauderdale,12
1.1201113408567978,109343.81080530987,conventional,Midsouth,1
1.050056829638587,109343.48371532219,conventional,Midsouth,2
1.200012395935399,109337.5138181798,conventional,Midsouth,3
1.1701559152072696,109322.91241909123,conventional,Midsouth,4
1.169720474088428,109327.69013016307,conventional,Midsouth,5
1.239853263806736,109315.40290928255,conventional,Midsouth,6
1.2474659428831563,109325.81999728233,conventional,Midsouth,7
1.2501801201887226,109314.56914265202,conventional,Midsouth,8
1.2906240799519413,109302.55009568064,conventional,Midsouth,9
1.36970645885985,109305.33748135163,conventional,Midsouth,10
1.2438310063533553,109301.81936696432,conventional,Midsouth,11
1.1296871434976579,109304.8225308088,conventional,Midsouth,12
1.5698518559911951,107558.03113416945,organic,Midsouth,1
1.490644894606688,107582.7012259586,organic,Midsouth,2
1.5097106791848627,107571.45248346667,organic,Midsouth,3
1.5597871058310524,107597.65243039868,organic,Midsouth,4
1.4702490223838272,107589.88227251284,organic,Midsouth,5
1.560373262525786,107596.92707859041,organic,Midsouth,6
1.6204524943746033,107588.38550037939,organic,Midsouth,7
1.7498222813171014,107585.04536035225,organic,Midsouth,8
1.7717714545310859,107583.9454951654,organic,Midsouth,9
1.7400920607365729,107572.55200846496,organic,Midsouth,10
1.6475754731175214,107576.81260167727,organic,Midsouth,11
1.580054758411398,107576.79866585907,organic,Midsouth,12
0.9702971568624792,109327.88063028913,conventional,Nashville,1
0.8998955493105005,109328.0610661726,conventional,Nashville,2
0.9702717622967688,109321.20920335162,conventional,Nashville,3
0.9898402559030872,109307.23546747597,conventional,Nashville,4
0.9402585700453743,109311.51104797749,conventional,Nashville,5
0.9698433325268181,109299.34935973954,conventional,Nashville,6
1.0398986906928427,109310.14304566708,conventional,Nashville,7
1.0596670310294152,109298.39006046644,conventional,Nashville,8
1.0700170338369082,109286.62099972005,conventional,Nashville,9
1.0996327145208185,109289.1594782262,conventional,Nashville,10
1.0752609074815842,109285.89027100374,conventional,Nashville,11
0.9396407486437559,109289.39664447872,conventional,Nashville,12
1.5300143093825898,107521.88265027138,organic,Nashville,1
1.3803117843135244,107545.66753920147,organic,Nashville,2
1.4198354536555893,107533.79005443644,organic,Nashville,3
1.3303091656350623,107561.25072309513,organic,Nashville,4
1.2598468148712108,107552.47198782796,organic,Nashville,5
1.2502889205964258,107559.76893825085,organic,Nashville,6
1.2924964854283953,107551.98379307582,organic,Nashville,7
1.4600163027962763,107547.63507566736,organic,Nashville,8
1.6196859395183298,107547.41825521927,organic,Nashville,9
1.6503229278474802,107534.762967732,organic,Nashville,10
1.5302074220994533,107540.28536173113,organic,Nashville,11
1.4899449320296616,107540.90124724618,organic,Nashville,12
0.9998946449033419,109325.61885701309,conventional,NewOrleansMobile,1
0.900119462217569,109327.0610936834,conventional,NewOrleansMobile,2
1.039737206692505,109320.33368444483,conventional,NewOrleansMobile,3
1.0602911674809126,109305.73120629611,conventional,NewOrleansMobile,4
1.030318916173846,109310.51107548828,conventional,NewOrleansMobile,5
1.089770734559237,109298.72706423826,conventional,NewOrleansMobile,6
1.1595734503959922,109308.51325184463,conventional,NewOrleansMobile,7
1.1402611114097483,109296.50704323848,conventional,NewOrleansMobile,8
1.1197293626803577,109285.62102723084,conventional,NewOrleansMobile,9
1.2392143706195284,109287.90736139166,conventional,NewOrleansMobile,10
1.1701038086007325,109284.1349445387,conventional,NewOrleansMobile,11
1.0199361675052967,109287.89238329885,conventional,NewOrleansMobile,12
1.4004496873611898,107521.88801798303,organic,NewOrleansMobile,1
1.4297385560381715,107545.92181407796,organic,NewOrleansMobile,2
1.4602176600348613,107534.67522970634,organic,NewOrleansMobile,3
1.5296998905740002,107561.25393268644,organic,NewOrleansMobile,4
1.6297166191704942,107552.72626270444,organic,NewOrleansMobile,5
1.6397672464569588,107560.40089011526,organic,NewOrleansMobile,6
1.4002141263073098,107551.73485832181,organic,NewOrleansMobile,7
1.449856658028393,107547.63936431883,organic,NewOrleansMobile,8
1.5797538176588497,107547.67253009575,organic,NewOrleansMobile,9
1.6403181283063213,107534.89170996589,organic,NewOrleansMobile,10
1.6003199687056746,107539.78428263178,organic,NewOrleansMobile,11
1.4996911330916949,107540.9044568375,organic,NewOrleansMobile,12
1.27031076592492,109329.48899924698,conventional,NewYork,1
1.2510749590241814,109331.17906402196,conventional,NewYork,2
1.3498168123940475,109324.7016410084,conventional,NewYork,3
1.5197598927847797,109310.10132098,conventional,NewYork,4
1.3301649149033083,109314.380138662,conventional,NewYork,5
1.4202954164803419,109301.83753625565,conventional,NewYork,6
1.5298257863866151,109312.25678237577,conventional,NewYork,7
1.474463495561305,109300.12504112703,conventional,NewYork,8
1.509638340721168,109288.23044773805,conventional,NewYork,9
1.6197773968252929,109291.3976685173,conventional,NewYork,10
1.3103295931604741,109287.62525166433,conventional,NewYork,11
1.296866198542326,109291.00609249674,conventional,NewYork,12
1.979779449687062,107527.00809134194,organic,NewYork,1
1.9221178180334508,107552.68244427178,organic,NewYork,2
1.9244664181799802,107542.31890463892,organic,NewYork,3
2.0402182345493087,107568.14009552285,organic,NewYork,4
2.109749433237518,107558.22509211143,organic,NewYork,5
2.159631785444914,107566.28063369065,organic,NewYork,6
2.220404978778921,107556.98154338347,organic,NewYork,7
2.179970229707338,107552.63390503517,organic,NewYork,8
2.1602442673537507,107552.16494024174,organic,NewYork,9
2.1603878076827274,107540.39161843304,organic,NewYork,10
1.9898747063272597,107545.28419109894,organic,NewYork,11
1.929832601400848,107545.64793226865,organic,NewYork,12
1.2497678260470193,109350.54567600565,conventional,Northeast,1
1.2098503362997575,109350.60165830671,conventional,Northeast,2
1.2804479990831827,109344.88066832915,conventional,Northeast,3
1.2802647470096498,109329.52391526476,conventional,Northeast,4
1.2402669791472842,109335.3112827781,conventional,Northeast,5
1.3802216875316116,109322.26870792173,conventional,Northeast,6
1.3938042218091409,109332.93686120669,conventional,Northeast,7
1.2997812779543678,109319.92639145987,conventional,Northeast,8
1.3517681435104694,109309.03605921156,conventional,Northeast,9
1.5197951285222304,109311.95437282596,conventional,Northeast,10
1.3503026731720125,109308.05642333042,conventional,Northeast,11
1.2597152149975976,109311.81170397025,conventional,Northeast,12
1.8303382916133413,107568.16941399714,organic,Northeast,1
1.7902821332981116,107591.32340253382,organic,Northeast,2
1.779651322962894,107581.3364608287,organic,Northeast,3
1.9398016160494351,107606.78105378489,organic,Northeast,4
1.9908068977627775,107599.1342704213,organic,Northeast,5
1.9997203847972822,107605.42372252302,organic,Northeast,6
1.95972222529178,107597.38643300267,organic,Northeast,7
1.9101699573310031,107591.27378423704,organic,Northeast,8
1.939920437747293,107592.82197420628,organic,Northeast,9
1.7903780390237454,107579.78685161076,organic,Northeast,10
1.8397208254225492,107584.4272799313,organic,Northeast,11
1.7702558184470485,107586.30496623318,organic,Northeast,12
1.1602158182854263,109326.38279748827,conventional,NorthernNewEngland,1
1.159883419994873,109327.31858734759,conventional,NorthernNewEngland,2
1.1899133365984824,109319.45814714527,conventional,NorthernNewEngland,3
1.2299061453673088,109305.86208825755,conventional,NorthernNewEngland,4
1.1382239512067192,109310.64195744973,conventional,NorthernNewEngland,5
1.280476128740987,109298.60688091454,conventional,NorthernNewEngland,6
1.3048261426528198,109307.51218190248,conventional,NorthernNewEngland,7
1.2797550542205214,109296.38793897492,conventional,NorthernNewEngland,8
1.4670793787007188,109285.37531126454,conventional,NorthernNewEngland,9
1.4198558048058099,109288.03932241327,conventional,NorthernNewEngland,10
1.2777130540329653,109284.39351726306,conventional,NorthernNewEngland,11
1.2100646549665819,109287.01684599929,conventional,NorthernNewEngland,12
1.7398295437073092,107520.00714048262,organic,NorthernNewEngland,1
1.7203245475568576,107544.54738338855,organic,NorthernNewEngland,2
1.740359120181225,107532.16776805317,organic,NorthernNewEngland,3
1.719718716680359,107560.00611369977,organic,NorthernNewEngland,4
1.56975155096957,107551.47844371777,organic,NorthernNewEngland,5
1.8196635985623641,107558.64878243791,organic,NorthernNewEngland,6
1.7503298899653057,107548.9752523233,organic,NorthernNewEngland,7
1.7798195858613621,107545.50850059342,organic,NorthernNewEngland,8
1.7599393282131328,107545.66827807309,organic,NorthernNewEngland,9
1.6600585906542993,107533.26513493113,organic,NorthernNewEngland,10
1.7302947497800512,107538.03109589429,organic,NorthernNewEngland,11
1.7495405056930242,107538.39699518432,organic,NorthernNewEngland,12
1.1397337439480568,109330.62951925714,conventional,Orlando,1
1.0802701310019118,109330.8099551406,conventional,Orlando,2
1.179842098204804,109323.95809231962,conventional,Orlando,3
1.1601658430767763,109310.10988908657,conventional,Orlando,4
1.1298786384322639,109315.14190262408,conventional,Orlando,5
1.2502952977974433,109301.72057171963,conventional,Orlando,6
1.2702194600911163,109312.26427142216,conventional,Orlando,7
1.3098722228005728,109299.62824148277,conventional,Orlando,8
1.3002334916414946,109288.48900206963,conventional,Orlando,9
1.3497640934649064,109291.65622284886,conventional,Orlando,10
1.3004412282377686,109287.88488505608,conventional,Orlando,11
1.0997694377740945,109291.76785645881,conventional,Orlando,12
1.6603942127851168,107525.1347488699,organic,Orlando,1
1.749811437148133,107548.91963779998,organic,Orlando,2
1.6970894713796003,107537.04215303496,organic,Orlando,3
1.7280181164994832,107564.75496603896,organic,Orlando,4
1.7402660576450542,107556.35282869956,organic,Orlando,5
1.789819270566308,107562.64335986144,organic,Orlando,6
1.7898527475871586,107553.97516994766,organic,Orlando,7
1.933619452698067,107549.37646631419,organic,Orlando,8
2.129818690202955,107549.6628554966,organic,Orlando,9
2.099847445138055,107537.8895336879,organic,Orlando,10
1.7498772733342027,107542.40335030571,organic,Orlando,11
1.7002714724294734,107543.77566885676,organic,Orlando,12
1.2998782987750426,109330.38166356328,conventional,Philadelphia,1
1.1901086383341593,109330.30887604125,conventional,Philadelphia,2
1.3399457500008594,109324.08683455353,conventional,Philadelphia,3
1.5298985303096515,109309.86203339271,conventional,Philadelphia,4
1.3402038181165503,109314.26422559697,conventional,Philadelphia,5
1.4369589646453256,109302.47913528678,conventional,Philadelphia,6
1.4797377344932323,109312.6451580014,conventional,Philadelphia,7
1.3597349489677055,109300.88893562026,conventional,Philadelphia,8
1.400231507757743,109289.1220329942,conventional,Philadelphia,9
1.5699468478542213,109292.41478641602,conventional,Philadelphia,10
1.370226700962526,109288.51791598063,conventional,Philadelphia,11
1.3297665095024431,109290.76356772895,conventional,Philadelphia,12
1.7648516927018911,107523.12619899935,organic,Philadelphia,1
1.7195571660302598,107547.16431133494,organic,Philadelphia,2
1.7303546443276705,107535.79003620041,organic,Philadelphia,3
1.8878292628484021,107562.74641616843,organic,Philadelphia,4
1.959674536760549,107553.84106919852,organic,Philadelphia,5
2.009697324842048,107561.8944526574,organic,Philadelphia,6
2.060305447720751,107552.84858575572,organic,Philadelphia,7
1.9341800656152695,107549.63613649149,organic,Philadelphia,8
1.939610897591594,107548.66180394724,organic,Philadelphia,9
1.9601674902560804,107537.14062648387,organic,Philadelphia,10
1.820152659876923,107541.40229875635,organic,Philadelphia,11
1.7002969656933935,107541.39052105848,organic,Philadelphia,12
0.6896208407585599,109324.87424765693,conventional,PhoenixTucson,1
0.5697290701232306,109325.0546835404,conventional,PhoenixTucson,2
0.6195934388536762,109318.9570956351,conventional,PhoenixTucson,3
0.6302644021315172,109304.73121541413,conventional,PhoenixTucson,4
0.6503071057646778,109309.63769630904,conventional,PhoenixTucson,5
0.6697333977415985,109297.4760080711,conventional,PhoenixTucson,6
0.8497577370846952,109308.14524041623,conventional,PhoenixTucson,7
0.8397545935185985,109295.50921047683,conventional,PhoenixTucson,8
0.8882639255333968,109283.23694009993,conventional,PhoenixTucson,9
0.9901905288405344,109286.78291692726,conventional,PhoenixTucson,10
0.7001748831900493,109283.38817706221,conventional,PhoenixTucson,11
0.6502387559841153,109286.13811750119,conventional,PhoenixTucson,12
1.5603102430314366,107520.76033633812,organic,PhoenixTucson,1
1.4996398268033857,107544.54522526822,organic,PhoenixTucson,2
1.46974023402762,107533.8018505271,organic,PhoenixTucson,3
1.4798228700959382,107561.1369865432,organic,PhoenixTucson,4
1.5699259925303346,107552.48270485846,organic,PhoenixTucson,5
1.6202291826872812,107559.77965528134,organic,PhoenixTucson,6
1.9203672560128444,107551.3636097129,organic,PhoenixTucson,7
1.9401875051340054,107546.76490607944,organic,PhoenixTucson,8
1.950164218144728,107545.9182642981,organic,PhoenixTucson,9
1.9399402452685977,107534.14386342923,organic,PhoenixTucson,10
1.8872447188024724,107539.41411308304,organic,PhoenixTucson,11
1.7498863097310713,107539.65340067033,organic,PhoenixTucson,12
1.2002427980025265,109275.72487680403,conventional,Pittsburgh,1
1.161520662724828,109275.90531268751,conventional,Pittsburgh,2
1.180274289933901,109268.92791722395,conventional,Pittsburgh,3
1.2701283111915531,109255.58508174172,conventional,Pittsburgh,4
1.2203670776565776,109262.25441493365,conventional,Pittsburgh,5
1.3103887582853195,109249.21076101712,conventional,Pittsburgh,6
1.3398558961224072,109258.24159464765,conventional,Pittsburgh,7
1.319834261222941,109244.21823127885,conventional,Pittsburgh,8
1.209661614095875,109233.8354249017,conventional,Pittsburgh,9
1.35037025961317,109234.48336034793,conventional,Pittsburgh,10
1.3399382872243633,109232.72701919748,conventional,Pittsburgh,11
1.1700001716213548,109236.10786002988,conventional,Pittsburgh,12
1.4497989581794073,107495.35389989639,organic,Pittsburgh,1
1.4799863446103019,107519.13878882647,organic,Pittsburgh,2
1.399608026165228,107507.00915971612,organic,Pittsburgh,3
1.4501883034062828,107534.59428195722,organic,Pittsburgh,4
1.439888812572391,107527.57624086674,organic,Pittsburgh,5
1.5296438870141524,107534.24444901654,organic,Pittsburgh,6
1.5403856673369332,107524.82306324726,organic,Pittsburgh,7
1.5402158293059398,107519.72330810361,organic,Pittsburgh,8
1.5301530935655518,107520.38629521377,organic,Pittsburgh,9
1.4399321922437347,107506.60013488306,organic,Pittsburgh,10
1.4704288344071998,107512.87572473772,organic,Pittsburgh,11
1.4598647448783388,107513.23946590742,organic,Pittsburgh,12
1.0798330903220106,109329.99969792388,conventional,Plains,1
1.0062137143944185,109330.68550155818,conventional,Plains,2
1.1496787010690186,109324.08362496221,conventional,Plains,3
1.0998456036706468,109309.98435644398,conventional,Plains,4
1.0402321790909317,109314.38762770839,conventional,Plains,5
1.1485747496400214,109301.97271606496,conventional,Plains,6
1.1902612496429423,109312.01212707683,conventional,Plains,7
1.2346575681971703,109299.3771761976,conventional,Plains,8
1.2803090371212127,109288.36346942704,conventional,Plains,9
1.3797244287196102,109291.27962492111,conventional,Plains,10
1.2196741100879087,109287.76043147365,conventional,Plains,11
1.1202386185075368,109290.88804890055,conventional,Plains,12
