System/prediction.csv
AveragePrice,Total Volume,type,region,month
1.6316891506181943,107525.38689321523,organic,Plains,1
1.5802917274042765,107549.0440913824,organic,Plains,2
1.600171823231195,107538.04965135612,organic,Plains,3
1.69033475714369,107565.25817566947,organic,Plains,4
1.7197491442687962,107555.97407265147,organic,Plains,5
1.7200975328709764,107563.52424647985,organic,Plains,6
1.7397132592920082,107554.60499128092,organic,Plains,7
1.8482982283746265,107549.62753159937,organic,Plains,8
1.9697650822027901,107550.16606512711,organic,Plains,9
1.8603402286688877,107537.88845462774,organic,Plains,10
1.7763145709655097,107542.52780388814,organic,Plains,11
1.699843708721199,107543.14476846335,organic,Plains,12
0.9597774243680974,109329.62524892006,conventional,Portland,1
0.8797043521046626,109330.43550613678,conventional,Portland,2
1.0003136315680923,109322.69951951689,conventional,Portland,3
0.8898700343938544,109308.97900704674,conventional,Portland,4
0.8842798858085972,109313.75887623892,conventional,Portland,5
0.9800904988942225,109301.59718800097,conventional,Portland,6
1.0802782826670814,109311.88874335818,conventional,Portland,7
1.179546640739981,109300.51127702513,conventional,Portland,8
1.0402140350468385,109288.11347400564,conventional,Portland,9
1.220237172549191,109291.02962949971,conventional,Portland,10
1.1303616513355426,109287.88811304017,conventional,Portland,11
0.9797368174468264,109291.01573046707,conventional,Portland,12
1.320204181982576,107524.631530043,organic,Portland,1
1.4101317192532834,107548.91962860359,organic,Portland,2
1.4300798231471796,107537.17091366163,organic,Portland,3
1.2476984892575114,107564.37835891482,organic,Portland,4
1.339666851984744,107555.85068893283,organic,Portland,5
1.5696781807264397,107563.14763935571,organic,Portland,6
1.8296594320760038,107554.35391679936,organic,Portland,7
1.8296851238201308,107551.14038847497,organic,Portland,8
1.6796394875904097,107550.0416023483,organic,Portland,9
1.8797877456772865,107537.76399184893,organic,Portland,10
1.6236208299881663,107542.78101809724,organic,Portland,11
1.4101294060536844,107543.39798267245,organic,Portland,12
1.1394788475002593,109328.37740234422,conventional,RaleighGreensboro,1
1.0901655359823048,109329.56533654885,conventional,RaleighGreensboro,2
1.2302854538766617,109322.8379273103,conventional,RaleighGreensboro,3
1.223691069709066,109308.4875935069,conventional,RaleighGreensboro,4
1.2298310391666922,109312.88978571116,conventional,RaleighGreensboro,5
1.2102263725069993,109299.71952009188,conventional,RaleighGreensboro,6
1.2603419304516092,109310.51536413975,conventional,RaleighGreensboro,7
1.2991079719633292,109299.26450950945,conventional,RaleighGreensboro,8
1.2971907643584382,109287.24330441772,conventional,RaleighGreensboro,9
1.3798109233780977,109290.28499255437,conventional,RaleighGreensboro,10
1.2923263649817214,109286.89241080965,conventional,RaleighGreensboro,11
1.1397033048654546,109290.14448181899,conventional,RaleighGreensboro,12
1.7018763716738508,107522.1283570413,organic,RaleighGreensboro,1
1.6698802819647778,107546.79413258981,organic,RaleighGreensboro,2
1.8299330411051526,107535.5475482182,organic,RaleighGreensboro,3
1.7798265924045849,107562.25178384088,organic,RaleighGreensboro,4
1.6903339352288784,107553.34643687097,organic,RaleighGreensboro,5
1.80974747300339,107560.14125672351,organic,RaleighGreensboro,6
1.8600293004012176,107551.59859945234,organic,RaleighGreensboro,7
1.9203540458573283,107548.2584594252,organic,RaleighGreensboro,8
1.9301300314487357,107547.91610633452,organic,RaleighGreensboro,9
1.7905076901182682,107535.89064018049,organic,RaleighGreensboro,10
1.890151811206188,107540.40337773814,organic,RaleighGreensboro,11
1.9102369379307693,107541.65124270676,organic,RaleighGreensboro,12
1.0699499232187095,109329.12739780481,conventional,RichmondNorfolk,1
1.0297716127992231,109329.0567684031,conventional,RichmondNorfolk,2
1.1090137444803294,109322.58150350988,conventional,RichmondNorfolk,3
1.0897251792705622,109308.60776763424,conventional,RichmondNorfolk,4
1.049918440994419,109313.89192551708,conventional,RichmondNorfolk,5
1.0903996872287813,109301.10041594588,conventional,RichmondNorfolk,6
1.110356840270498,109311.26535960034,conventional,RichmondNorfolk,7
1.1602613892899276,109298.88147400628,conventional,RichmondNorfolk,8
1.2248030552111855,109287.23902496263,conventional,RichmondNorfolk,9
1.2297489771145294,109290.5306993243,conventional,RichmondNorfolk,10
1.13001763349724,109286.7593615315,conventional,RichmondNorfolk,11
1.0798471609634235,109290.39126764907,conventional,RichmondNorfolk,12
1.4504809143064852,107524.00922534532,organic,RichmondNorfolk,1
1.4102232413629998,107547.28982558474,organic,RichmondNorfolk,2
1.4402422691606476,107536.16877385571,organic,RichmondNorfolk,3
1.3602287615005715,107563.6294425144,organic,RichmondNorfolk,4
1.2380613415005466,107555.35283781757,organic,RichmondNorfolk,5
1.3396843763036401,107562.14657860996,organic,RichmondNorfolk,6
1.5099318679253502,107553.47946775635,organic,RichmondNorfolk,7
1.6598716466359371,107549.00629676547,organic,RichmondNorfolk,8
1.6898319669761224,107548.66286461463,organic,RichmondNorfolk,9
1.5802837202136488,107537.52044319933,organic,RichmondNorfolk,10
1.5104419302660619,107542.03425981714,organic,RichmondNorfolk,11
1.5103206072189959,107542.90228967753,organic,RichmondNorfolk,12
1.0508768325094395,109319.12221323723,conventional,Roanoke,1
0.98979430015925,109320.05800309654,conventional,Roanoke,2
1.0599133185361969,109313.07952857281,conventional,Roanoke,3
1.0996483909194965,109298.60258306666,conventional,Roanoke,4
0.9701015897229341,109304.01227359209,conventional,Roanoke,5
1.0598576397456794,109291.7239736514,conventional,Roanoke,6
1.1401132488319048,109301.25801691244,conventional,Roanoke,7
1.1901120587912801,109290.0082413423,conventional,Roanoke,8
1.1602416247433835,109277.86258266815,conventional,Roanoke,9
1.200265308760127,109280.27444947154,conventional,Roanoke,10
1.1097639872093652,109274.98808748643,conventional,Roanoke,11
1.0595439745582036,109278.11570491333,conventional,Roanoke,12
1.4500732445485383,107518.64874855339,organic,Roanoke,1
1.3902598753922386,107543.1889914593,organic,Roanoke,2
1.379752772716152,107531.43811839703,organic,Roanoke,3
1.229370876373531,107558.26896572245,organic,Roanoke,4
1.249623548655418,107550.24450537097,organic,Roanoke,5
1.2647884890959677,107557.6680674966,organic,Roanoke,6
1.4898169097898113,107548.87650306057,organic,Roanoke,7
1.7097026429187472,107545.15760698536,organic,Roanoke,8
1.7499043590643946,107544.18435350127,organic,Roanoke,9
1.5701544502324585,107531.65567771674,organic,Roanoke,10
1.4404204098818887,107536.1738105752,organic,Roanoke,11
1.4801337777386236,107536.79077515041,organic,Roanoke,12
1.100403048381452,109327.13063482854,conventional,Sacramento,1
1.0798981955303104,109327.4366033546,conventional,Sacramento,2
1.2296846838469098,109321.4667062122,conventional,Sacramento,3
1.259782261006416,109306.8631490033,conventional,Sacramento,4
1.1998424527667522,109311.26534120756,conventional,Sacramento,5
1.3202652724889914,109299.35471825479,conventional,Sacramento,6
1.3602940810167923,109309.39412926666,conventional,Sacramento,7
1.3702862957511162,109297.89220935118,conventional,Sacramento,8
1.349813777739486,109286.24760218721,conventional,Sacramento,9
1.4801030445503753,109288.66054805077,conventional,Sacramento,10
1.277794133773752,109285.39349894864,conventional,Sacramento,11
1.0998128000362195,109288.89879336346,conventional,Sacramento,12
1.7799746982467548,107520.37945895529,organic,Sacramento,1
1.7800607251026572,107544.41649223071,organic,Sacramento,2
1.8602899028411164,107533.16774973877,organic,Sacramento,3
1.9501168228199863,107560.12520876694,organic,Sacramento,4
1.740232623773154,107551.21986179703,organic,Sacramento,5
1.9798197886735704,107559.02110091058,organic,Sacramento,6
2.0799413052786258,107550.10184571164,organic,Sacramento,7
2.1297991123711544,107546.25741699385,organic,Sacramento,8
2.0698930543392566,107546.67149693918,organic,Sacramento,9
2.040026745493001,107533.76406510656,organic,Sacramento,10
1.9104140273936685,107538.52894700953,organic,Sacramento,11
1.780262126274092,107539.52358857267,organic,Sacramento,12
0.9199329196333779,109327.25187881965,conventional,SanDiego,1
0.879620542684556,109328.06213603636,conventional,SanDiego,2
1.019881558562103,109321.46133850057,conventional,SanDiego,3
1.079959340634534,109307.23653733975,conventional,SanDiego,4
0.9497633550874203,109312.39408351984,conventional,SanDiego,5
0.9803872885846507,109299.72702753107,conventional,SanDiego,6
1.1476904593724109,109309.76643854294,conventional,SanDiego,7
1.1397518521584167,109298.51666297279,conventional,SanDiego,8
1.1651817142388052,109286.74868128657,conventional,SanDiego,9
1.190247390357157,109289.6626786603,conventional,SanDiego,10
1.140383496150914,109286.14348521284,conventional,SanDiego,11
0.9402801062773469,109289.52324698507,conventional,SanDiego,12
1.420240264197503,107520.62623558898,organic,SanDiego,1
1.4500658048143231,107544.91433414957,organic,SanDiego,2
1.48973625794104,107533.5411380752,organic,SanDiego,3
1.5903129313694315,107560.49751804322,organic,SanDiego,4
1.5501645111477367,107552.34752504915,organic,SanDiego,5
1.6198073116879774,107559.77216623495,organic,SanDiego,6
1.809958319142661,107550.85291103601,organic,SanDiego,7
1.8401472942035977,107547.1340149608,organic,SanDiego,8
1.909722886143797,107546.53843846462,organic,SanDiego,9
2.0498563982287648,107535.01834006142,organic,SanDiego,10
2.0197646560820455,107539.65768932182,organic,SanDiego,11
1.719622675770687,107540.40018653961,organic,SanDiego,12
1.1299578198211786,109329.13061659252,conventional,SanFrancisco,1
1.1303261561858038,109329.43658511857,conventional,SanFrancisco,2
1.299802385457505,109322.33257795226,conventional,SanFrancisco,3
1.4302772772181638,109307.85347432578,conventional,SanFrancisco,4
1.3199159289889997,109313.64299995945,conventional,SanFrancisco,5
1.4503344384801906,109300.97594397068,conventional,SanFrancisco,6
1.5601850441686083,109310.51214535206,conventional,SanFrancisco,7
1.4903087582979269,109299.51343506707,conventional,SanFrancisco,8
1.5298668376205153,109287.24116469017,conventional,SanFrancisco,9
1.659987406046063,109289.90517583891,conventional,SanFrancisco,10
1.4199391436471223,109286.88919202195,conventional,SanFrancisco,11
1.1798424564406227,109290.39448643678,conventional,SanFrancisco,12
2.010964872585796,107523.25709015719,organic,SanFrancisco,1
2.0102631320838382,107547.29412343261,organic,SanFrancisco,2
2.063258701583413,107535.291106025,organic,SanFrancisco,3
2.309720028110621,107562.87946544659,organic,SanFrancisco,4
2.135575722150798,107554.47516998685,organic,SanFrancisco,5
2.199743404569069,107561.89981117265,organic,SanFrancisco,6
2.349805850574244,107552.35073464047,organic,SanFrancisco,7
2.609703995019306,107549.13612725592,organic,SanFrancisco,8
2.385967377976123,107548.28948547457,organic,SanFrancisco,9
2.490348537922057,107535.88634233263,organic,SanFrancisco,10
2.1602522446629866,107541.15551292627,organic,SanFrancisco,11
2.0402957044673973,107542.1501544894,organic,SanFrancisco,12
0.9598250845495291,109328.87312292833,conventional,Seattle,1
0.9699103703788003,109329.68338014504,conventional,Seattle,2
1.0397525501612392,109322.4495240955,conventional,Seattle,3
1.0242636357378017,109308.35241369759,conventional,Seattle,4
1.013319362096795,109313.00782930735,conventional,Seattle,5
1.110049170370728,109300.59399672407,conventional,Seattle,6
1.2002358692176,109311.01108472385,conventional,Seattle,7
1.240287267074947,109299.25594140288,conventional,Seattle,8
1.1300351535078876,109287.23581537133,conventional,Seattle,9
1.2201810516789995,109289.8987474599,conventional,Seattle,10
1.2703354699867075,109287.26044063085,conventional,Seattle,11
1.129663742277537,109290.13591371242,conventional,Seattle,12
1.4203974784293194,107525.00919783452,organic,Seattle,1
1.4603074794905102,107549.29729639512,organic,Seattle,2
1.4498014921486353,107538.55715883449,organic,Seattle,3
1.4899414853809811,107565.00817105168,organic,Seattle,4
1.5600575467537245,107555.84960067627,organic,Seattle,5
1.81022498834594,107563.02101845657,organic,Seattle,6
2.0198501092435226,107554.47944024554,organic,Seattle,7
1.929601766187814,107550.88823493324,organic,Seattle,8
2.001031820518974,107550.16712579448,organic,Seattle,9
1.97976392812659,107538.14273870063,organic,Seattle,10
1.7803355633194478,107543.78958628219,organic,Seattle,11
1.3401768704776449,107544.28101821481,organic,Seattle,12
1.0899779220829469,109326.00297157642,conventional,SouthCarolina,1
1.0098677324017835,109326.68877521073,conventional,SouthCarolina,2
1.159861531615947,109320.08689861475,conventional,SouthCarolina,3
1.1502744246046004,109305.98655103636,conventional,SouthCarolina,4
1.0898313288716948,109311.01964363403,conventional,SouthCarolina,5
1.130288390424442,109298.1015223601,conventional,SouthCarolina,6
1.1801294441316168,109308.89736640797,conventional,SouthCarolina,7
1.239972846441364,109296.38579005099,conventional,SouthCarolina,8
1.1500208426370078,109284.74442006751,conventional,SouthCarolina,9
1.3002178999929972,109287.66057556157,conventional,SouthCarolina,10
1.1801228771221008,109283.88815870862,conventional,SouthCarolina,11
1.0631648645011107,109287.51898576603,conventional,SouthCarolina,12
1.5602724628157207,107520.38374760677,organic,SouthCarolina,1
1.5201006220847952,107544.04094577394,organic,SouthCarolina,2
1.4602507861267326,107533.04650574765,organic,SouthCarolina,3
1.769574342261657,107560.63378610909,organic,SouthCarolina,4
1.6498275287664124,107551.8528927216,organic,SouthCarolina,5
1.770039936664024,107558.77324521673,organic,SouthCarolina,6
1.710297864997731,107550.23058794555,organic,SouthCarolina,7
1.8164509035218062,107546.2627847055,organic,SouthCarolina,8
1.9195302218377215,107545.54059650657,organic,SouthCarolina,9
1.7897392240829284,107533.2629860072,organic,SouthCarolina,10
1.7196997816236508,107538.1555586731,organic,SouthCarolina,11
1.5997956373344788,107539.40234458155,organic,SouthCarolina,12
0.8296508248225856,109347.80859232471,conventional,SouthCentral,1
0.749744351981188,109348.24009349335,conventional,SouthCentral,2
0.860011251214577,109341.38607255205,conventional,SouthCentral,3
0.8197310831110856,109326.65806176073,conventional,SouthCentral,4
0.8198414327303583,109331.81452888066,conventional,SouthCentral,5
0.8330691385773399,109319.52622893997,conventional,SouthCentral,6
0.919780884547339,109330.573138273,conventional,SouthCentral,7
0.9601094265742977,109318.44247608444,conventional,SouthCentral,8
0.9599331141731735,109307.05109232596,conventional,SouthCentral,9
1.0897535526807338,109309.2118938442,conventional,SouthCentral,10
0.9102151306898636,109305.56716775414,conventional,SouthCentral,11
0.8200424412110827,109308.19265461071,conventional,SouthCentral,12
1.310336522644348,107561.52894873425,organic,SouthCentral,1
1.2897674653593159,107585.818126355,organic,SouthCentral,2
1.30954007191157,107574.69815368614,organic,SouthCentral,3
1.2501240516775876,107601.02471232091,organic,SouthCentral,4
1.310158702793666,107593.25347537492,organic,SouthCentral,5
1.2597547070986355,107600.67703750056,organic,SouthCentral,6
1.2802450575845796,107592.63866892003,organic,SouthCentral,7
1.3596119653953178,107587.91227452365,organic,SouthCentral,8
1.5290546979786395,107588.07313106347,organic,SouthCentral,9
1.5904118188467866,107575.04016658828,organic,SouthCentral,10
1.4696797979866427,107579.42737150333,organic,SouthCentral,11
1.3496082480777174,107579.03575869721,organic,SouthCentral,12
1.0797778450818807,109327.8742111065,conventional,Southeast,1
1.0147327239974693,109328.1791005724,conventional,Southeast,2
1.129811571414903,109322.33149889209,conventional,Southeast,3
1.173967821869498,109307.47903451836,conventional,Southeast,4
1.1001302574325256,109312.25998277069,conventional,Southeast,5
1.0898530097957873,109300.22274811516,conventional,Southeast,6
1.2296991859111244,109310.38769176963,conventional,Southeast,7
1.2102569230313942,109298.00488523573,conventional,Southeast,8
1.2198655927976536,109286.36243619208,conventional,Southeast,9
1.3301610422156946,109289.78180131665,conventional,Southeast,10
1.2398051522773634,109286.0093844637,conventional,Southeast,11
1.0599833132017795,109289.1370018906,conventional,Southeast,12
1.5304310651969184,107523.38046467945,organic,Southeast,1
1.5398619077114257,107547.79625400295,organic,Southeast,2
1.5102908056730515,107537.93592400059,organic,Southeast,3
1.6798106121901841,107563.63158224194,organic,Southeast,4
1.6697684532377544,107554.72515621186,organic,Southeast,5
1.6345555383268242,107562.65300702816,organic,Southeast,6
1.6302706433430727,107553.98589617456,organic,Southeast,7
1.7703404963405882,107549.13396913558,organic,Southeast,8
1.9100906536216051,107548.79053698474,organic,Southeast,9
1.8497762854372743,107537.14274781864,organic,Southeast,10
1.660195077892451,107542.03532048453,organic,Southeast,11
1.5596799528342313,107542.65228505974,organic,Southeast,12
0.9797785155819425,109261.71439778245,conventional,Spokane,1
0.9094073445192987,109262.90449010741,conventional,Spokane,2
1.0302158532998078,109254.16100516636,conventional,Spokane,3
1.0199964528631023,109240.81816968412,conventional,Spokane,4
0.9728762596896479,109246.98429324555,conventional,Spokane,5
1.0899368661071775,109233.18420629302,conventional,Spokane,6
1.160187136869675,109242.9703938994,conventional,Spokane,7
1.2602349219662121,109230.71312000809,conventional,Spokane,8
1.1902189892496178,109220.07816928561,conventional,Spokane,9
1.310257472306722,109222.48895702885,conventional,Spokane,10
1.2197188307483835,109218.84207281847,conventional,Spokane,11
1.0696888353694352,109221.59309231762,conventional,Spokane,12
