System/prediction.csv
AveragePrice,Total Volume,type,region,month
1.4804550418934195,107489.50843794363,organic,Spokane,1
1.5402414592809468,107513.41670139598,organic,Spokane,2
1.4797317033432908,107500.78709983561,organic,Spokane,3
1.5602678124522307,107528.37222207671,organic,Spokane,4
1.5799332903356649,107520.72435965297,organic,Spokane,5
1.7801231477571497,107527.01596987502,organic,Spokane,6
2.1298366006956493,107518.34993808158,organic,Spokane,7
2.1496984391573952,107513.75015538794,organic,Spokane,8
2.0299553174664937,107514.28760985551,organic,Spokane,9
2.1143943236744986,107502.13769011907,organic,Spokane,10
1.8304268225606322,107507.28240713029,organic,Spokane,11
1.6902183444564511,107507.1429386695,organic,Spokane,12
1.1396947998747116,109326.50619959971,conventional,StLouis,1
1.0799893992451537,109326.5611028406,conventional,StLouis,2
1.230052361138103,109319.07726056605,conventional,StLouis,3
1.2600045067021084,109305.48012261816,conventional,StLouis,4
0.9500663037788672,109309.50571689465,conventional,StLouis,5
1.2004200780618797,109298.47705962048,conventional,StLouis,6
1.159823422882429,109308.51754969251,conventional,StLouis,7
1.2197640327159087,109296.76348543169,conventional,StLouis,8
1.2199272613568217,109284.61566863721,conventional,StLouis,9
1.259701569624334,109288.41378980987,conventional,StLouis,10
1.2398213703431271,109283.507262933,conventional,StLouis,11
1.0895875476531205,109287.89560208656,conventional,StLouis,12
1.5702637559266526,107521.38478995973,organic,StLouis,1
1.609625091073134,107544.9175345445,organic,StLouis,2
1.635782279806183,107533.29435224512,organic,StLouis,3
1.5017722974584287,107561.5114539398,organic,StLouis,4
1.899629341803107,107551.84967393389,organic,StLouis,5
1.839704625770691,107560.27965532054,organic,StLouis,6
1.8502065354261488,107550.98164407352,organic,StLouis,7
1.970072892802229,107547.01168271313,organic,StLouis,8
1.838910129839268,107546.7959413252,organic,StLouis,9
1.6202635208633036,107535.14707309892,organic,StLouis,10
1.4801474243465569,107539.28537084915,organic,StLouis,11
1.5699020423754697,107540.52999863728,organic,StLouis,12
1.350361789822007,109246.93889002911,conventional,Syracuse,1
1.3702781824698698,109248.00129159116,conventional,Syracuse,2
1.27999998112951,109240.77067272211,conventional,Syracuse,3
1.3201615027493823,109228.68855896655,conventional,Syracuse,4
1.409698306479711,109232.83752776531,conventional,Syracuse,5
1.409744753228903,109221.05459557545,conventional,Syracuse,6
1.3901066283545964,109231.09292752715,conventional,Syracuse,7
1.379908514250887,109219.46331684876,conventional,Syracuse,8
1.4596947701224903,109207.94855856804,conventional,Syracuse,9
1.4197621755642735,109210.73702329918,conventional,Syracuse,10
1.3592502265814117,109207.5965858998,conventional,Syracuse,11
1.3397017427409923,109210.0933029333,conventional,Syracuse,12
1.6004751193380617,107481.77139065636,organic,Syracuse,1
1.6197311160416883,107506.18502185954,organic,Syracuse,2
1.6898993940584401,107494.30861615467,organic,Syracuse,3
1.7623509021136081,107522.5214016087,organic,Syracuse,4
1.7502379871889864,107513.86927804428,organic,Syracuse,5
1.8101113907893813,107521.16514940701,organic,Syracuse,6
1.6998422762183543,107512.62465025616,organic,Syracuse,7
1.5438717770386017,107509.28558928918,organic,Syracuse,8
1.619969762415241,107508.43678938752,organic,Syracuse,9
1.510286727750088,107496.66454663897,organic,Syracuse,10
1.5999665759616235,107501.3028168392,organic,Syracuse,11
1.4603086054749264,107501.79532783199,organic,Syracuse,12
1.1402764654021142,109327.37956958257,conventional,Tampa,1
1.0202704650923209,109327.18124941795,conventional,Tampa,2
1.1801549547044776,109320.8315171673,conventional,Tampa,3
1.1399082488113352,109306.35672978149,conventional,Tampa,4
1.0801913012253423,109311.388743319,conventional,Tampa,5
1.2105116338978903,109299.35258772364,conventional,Tampa,6
1.2497629914079762,109309.64306402068,conventional,Tampa,7
1.2703286110121468,109297.38579012937,conventional,Tampa,8
1.1997342533381181,109285.74334108572,conventional,Tampa,9
1.3597209283013911,109288.28074053171,conventional,Tampa,10
1.3101398507970248,109285.01261236942,conventional,Tampa,11
1.0700923355355698,109288.14022979632,conventional,Tampa,12
1.5022607295531492,107522.38692976566,organic,Tampa,1
1.5897339860676147,107546.17289775591,organic,Tampa,2
1.5796017598319967,107535.30399037221,organic,Tampa,3
1.5802666272209511,107561.37732560148,organic,Tampa,4
1.5899926036399055,107552.97518826208,organic,Tampa,5
1.7398599262359835,107560.52428303029,organic,Tampa,6
1.540442726523458,107552.10931652202,organic,Tampa,7
1.4697726420537196,107547.50953382839,organic,Tampa,8
1.5302084721285922,107547.16610167755,organic,Tampa,9
1.5901373987415517,107534.88957023835,organic,Tampa,10
1.639699546966848,107540.0332081894,organic,Tampa,11
1.5498129206251425,107540.65017276461,organic,Tampa,12
1.0227172207701567,109363.85890468722,conventional,TotalUS,1
0.9599584238076941,109363.78827528552,conventional,TotalUS,2
1.040112236342925,109358.0694434283,conventional,TotalUS,3
1.0800086561574194,109341.7062711029,conventional,TotalUS,4
1.0235209108336554,109347.99684824674,conventional,TotalUS,5
1.1000727550821254,109334.44890563955,conventional,TotalUS,6
1.1452101245414263,109345.62134761518,conventional,TotalUS,7
1.179757950601076,109333.61837618951,conventional,TotalUS,8
1.222386458234995,109321.97376902554,conventional,TotalUS,9
1.3295532720438576,109325.0154571622,conventional,TotalUS,10
1.1400522195262588,109321.7473289999,conventional,TotalUS,11
1.029904537508051,109324.24620415372,conventional,TotalUS,12
1.477296654186556,107600.57871119388,organic,TotalUS,1
1.4601598024041753,107623.85931143332,organic,TotalUS,2
1.41974785980606,107613.11485763204,organic,TotalUS,3
1.5142794255910157,107637.29980792172,organic,TotalUS,4
1.4798115271557233,107630.2828458914,organic,TotalUS,5
1.579496387945753,107636.69998875604,organic,TotalUS,6
1.5701778453131692,107628.91376452084,organic,TotalUS,7
1.650157282813492,107623.68200237364,organic,TotalUS,8
1.7898256141420927,107624.09608231895,organic,TotalUS,9
1.7902835034566096,107612.07061616491,organic,TotalUS,10
1.6107172216640762,107617.21425411598,organic,TotalUS,11
1.5195876062546319,107616.94925301262,organic,TotalUS,12
0.8898982907085433,109368.86312015945,conventional,West,1
0.8700254314585585,109368.66803717533,conventional,West,2
0.9003519992462559,109361.68848359144,conventional,West,3
0.8899187138380276,109346.96263092046,conventional,West,4
0.8798605251685097,109351.86695369505,conventional,West,5
0.9599813721335093,109339.4552792321,conventional,West,6
1.1103438207245782,109348.86271079039,conventional,West,7
1.1003564607414034,109337.86615862575,conventional,West,8
1.0604770063965627,109326.34924222469,conventional,West,9
1.1299546780043421,109327.88022240966,conventional,West,10
1.0685981211351296,109325.74404615097,conventional,West,11
0.9298879725096614,109328.24292130479,conventional,West,12
1.3303784740325242,107604.9552634532,organic,West,1
1.3901939599792523,107627.6049632992,organic,West,2
1.3099497548740229,107616.23284628501,organic,West,3
1.3304290770399572,107641.80189282361,organic,West,4
1.3700818744207213,107633.90512323503,organic,West,5
1.640304183874344,107640.31902891917,organic,West,6
1.759969952698067,107631.65407618589,organic,West,7
1.8700693354972782,107627.68195670519,organic,West,8
1.7500088024721139,107627.59066889968,organic,West,9
1.7803625855596952,107614.05449479396,organic,West,10
1.6598320775931847,107620.70991975686,organic,West,11
1.4102695336518536,107620.44491865349,organic,West,12
0.820302967414855,109329.00829354124,conventional,WestTexNewMexico,1
0.7499490864205313,109328.43445450903,conventional,WestTexNewMexico,2
0.8097272059726335,109322.0847222584,conventional,WestTexNewMexico,3
0.7997012849465295,109307.48224410966,conventional,WestTexNewMexico,4
0.8003366345711964,109312.89301369525,conventional,WestTexNewMexico,5
0.7652229785743567,109300.22487864632,conventional,WestTexNewMexico,6
0.9298895722171214,109310.01322437302,conventional,WestTexNewMexico,7
0.8901409896179932,109297.75487142155,conventional,WestTexNewMexico,8
0.9702894779359006,109286.61563200841,conventional,WestTexNewMexico,9
1.0261789248439284,109290.41375318106,conventional,WestTexNewMexico,10
0.8797481942239822,109286.51688274568,conventional,WestTexNewMexico,11
0.8295500631361998,109289.89556545774,conventional,WestTexNewMexico,12
1.5899067060693024,107523.38906957158,organic,WestTexNewMexico,1
1.4901955599500702,107546.03984847775,organic,WestTexNewMexico,2
1.520319419133639,107535.17094109405,organic,WestTexNewMexico,3
1.5000078491775928,107561.74964407415,organic,WestTexNewMexico,4
1.4597948826921119,107553.34642767458,organic,WestTexNewMexico,5
1.4798534537349137,107561.14982490845,organic,WestTexNewMexico,6
1.7348365011921234,107551.72628101885,organic,WestTexNewMexico,7
1.7996216886708336,107547.5052543733,organic,WestTexNewMexico,8
2.0452933615552564,107547.79164355571,organic,WestTexNewMexico,9
2.169821259003665,107536.14277532943,organic,WestTexNewMexico,10
1.8500567147300493,107540.4044476019,organic,WestTexNewMexico,11
1.7002379353143309,107541.52570086779,organic,WestTexNewMexico,12
